-- The C compiler identification is GNU 13.3.0
-- The CXX compiler identification is GNU 13.3.0
-- Detecting C compiler ABI info
-- Detecting C compiler ABI info - done
-- Check for working C compiler: /usr/bin/cc - skipped
-- Detecting C compile features
-- Detecting C compile features - done
-- Detecting CXX compiler ABI info
-- Detecting CXX compiler ABI info - done
-- Check for working CXX compiler: /usr/bin/c++ - skipped
-- Detecting CXX compile features
-- Detecting CXX compile features - done
-- Found ament_cmake: 2.5.5 (/opt/ros/jazzy/share/ament_cmake/cmake)
-- Found Python3: /usr/bin/python3 (found version "3.12.3") found components: Interpreter 
-- Found rclpy: 7.1.9 (/opt/ros/jazzy/share/rclpy/cmake)
-- Found ament_lint_auto: 0.17.4 (/opt/ros/jazzy/share/ament_lint_auto/cmake)
-- Found Boost: /usr/lib/x86_64-linux-gnu/cmake/Boost-1.83.0/BoostConfig.cmake (found version "1.83.0")  
-- Found controller_manager: 4.42.2 (/opt/ros/jazzy/share/controller_manager/cmake)
-- Found rosidl_generator_c: 4.6.7 (/opt/ros/jazzy/share/rosidl_generator_c/cmake)
-- Found rosidl_generator_cpp: 4.6.7 (/opt/ros/jazzy/share/rosidl_generator_cpp/cmake)
-- Using all available rosidl_typesupport_c: rosidl_typesupport_fastrtps_c;rosidl_typesupport_introspection_c
-- Using all available rosidl_typesupport_cpp: rosidl_typesupport_fastrtps_cpp;rosidl_typesupport_introspection_cpp
-- Found rmw_implementation_cmake: 7.3.3 (/opt/ros/jazzy/share/rmw_implementation_cmake/cmake)
-- Found rmw_fastrtps_cpp: 8.4.3 (/opt/ros/jazzy/share/rmw_fastrtps_cpp/cmake)
-- Found OpenSSL: /usr/lib/x86_64-linux-gnu/libcrypto.so (found version "3.0.13")  
-- Found FastRTPS: /opt/ros/jazzy/include (Required is at least version "2.13") 
-- Using RMW implementation 'rmw_fastrtps_cpp' as default
-- Found joint_trajectory_controller: 4.36.0 (/opt/ros/jazzy/share/joint_trajectory_controller/cmake)
-- Found eigen3_cmake_module: 0.3.0 (/opt/ros/jazzy/share/eigen3_cmake_module/cmake)
-- Found Eigen3: TRUE (found version "3.4.0") 
-- Ensuring Eigen3 include directory is part of orocos-kdl CMake target
-- Found ros_gz_sim: 1.0.18 (/opt/ros/jazzy/share/ros_gz_sim/cmake)
-- Found robot_state_publisher: 3.3.3 (/opt/ros/jazzy/share/robot_state_publisher/cmake)
-- Found nav_msgs: 5.3.6 (/opt/ros/jazzy/share/nav_msgs/cmake)
-- Found ros2_unitree_legged_msgs: 0.4.0 (/home/sheca42513/ros2_ws/install/ros2_unitree_legged_msgs/share/ros2_unitree_legged_msgs/cmake)
-- Added test 'cppcheck' to perform static code analysis on C / C++ code
-- Configured cppcheck include dirs: /home/sheca42513/ros2_ws/src/Unitree_Go1_ros2_jazzy/unitree_guide2/include
-- Configured cppcheck exclude dirs and/or files: 
-- Added test 'lint_cmake' to check CMake code style
-- Added test 'uncrustify' to check C / C++ code style
-- Configured uncrustify additional arguments: 
-- Added test 'xmllint' to check XML markup files
-- Configuring done (4.2s)
-- Generating done (0.0s)
-- Build files have been written to: /home/sheca42513/ros2_ws/src/Unitree_Go1_ros2_jazzy/build/unitree_guide2
[  7%] [32mBuilding CXX object CMakeFiles/junior_ctrl.dir/src/main.cpp.o[0m
[  7%] [32mBuilding CXX object CMakeFiles/junior_ctrl.dir/src/FSM/FSM.cpp.o[0m
[ 10%] [32mBuilding CXX object CMakeFiles/junior_ctrl.dir/src/FSM/FSMState.cpp.o[0m
[ 14%] [32mBuilding CXX object CMakeFiles/junior_ctrl.dir/src/FSM/State_BalanceTest.cpp.o[0m
[ 17%] [32mBuilding CXX object CMakeFiles/junior_ctrl.dir/src/FSM/State_ChangingGait.cpp.o[0m
[ 21%] [32mBuilding CXX object CMakeFiles/junior_ctrl.dir/src/FSM/State_FixedStand.cpp.o[0m
[ 25%] [32mBuilding CXX object CMakeFiles/junior_ctrl.dir/src/FSM/State_FreeStand.cpp.o[0m
[ 28%] [32mBuilding CXX object CMakeFiles/junior_ctrl.dir/src/FSM/State_Passive.cpp.o[0m
[ 32%] [32mBuilding CXX object CMakeFiles/junior_ctrl.dir/src/FSM/State_StepTest.cpp.o[0m
